--------------------------------------------------------------------------------
Release 14.7 Trace  (nt64)
Copyright (c) 1995-2013 Xilinx, Inc.  All rights reserved.

C:\Xilinx\14.7\ISE_DS\ISE\bin\nt64\unwrapped\trce.exe -intstyle ise -v 3 -s 3
-n 3 -fastpaths -xml Mod4_A.twx Mod4_A.ncd -o Mod4_A.twr Mod4_A.pcf -ucf
Mod4_A.ucf

Design file:              Mod4_A.ncd
Physical constraint file: Mod4_A.pcf
Device,package,speed:     xc6slx9,tqg144,C,-3 (PRODUCTION 1.23 2013-10-13)
Report level:             verbose report

Environment Variable      Effect 
--------------------      ------ 
NONE                      No environment variables were set
--------------------------------------------------------------------------------

INFO:Timing:2698 - No timing constraints found, doing default enumeration.
INFO:Timing:3412 - To improve timing, see the Timing Closure User Guide (UG612).
INFO:Timing:2752 - To get complete path coverage, use the unconstrained paths 
   option. All paths that are not constrained will be reported in the 
   unconstrained paths section(s) of the report.
INFO:Timing:3339 - The clock-to-out numbers in this timing report are based on 
   a 50 Ohm transmission line loading model.  For the details of this model, 
   and for more information on accounting for different loading conditions, 
   please see the device datasheet.



Data Sheet report:
-----------------
All values displayed in nanoseconds (ns)

Pad to Pad
---------------+---------------+---------+
Source Pad     |Destination Pad|  Delay  |
---------------+---------------+---------+
CK             |Q0             |   11.368|
CK             |Q1             |   13.796|
CK             |ba             |   14.305|
CK             |bc             |   14.800|
CK             |bd             |   14.904|
CK             |be             |   12.102|
CK             |bf             |   15.255|
CK             |bg             |   13.583|
CLR            |Q0             |    9.368|
CLR            |Q1             |   11.796|
CLR            |ba             |   12.305|
CLR            |bc             |   12.800|
CLR            |bd             |   12.904|
CLR            |be             |   10.102|
CLR            |bf             |   13.255|
CLR            |bg             |   11.583|
SET            |Q0             |   11.286|
SET            |Q1             |   13.714|
SET            |ba             |   14.223|
SET            |bc             |   14.718|
SET            |bd             |   14.822|
SET            |be             |   12.020|
SET            |bf             |   15.173|
SET            |bg             |   13.501|
---------------+---------------+---------+


Analysis completed Tue Nov 23 11:29:32 2021 
--------------------------------------------------------------------------------

Trace Settings:
-------------------------
Trace Settings 

Peak Memory Usage: 4571 MB



