--------------------------------------------------------------------------------
Release 14.7 Trace  (nt64)
Copyright (c) 1995-2013 Xilinx, Inc.  All rights reserved.

C:\Xilinx\14.7\ISE_DS\ISE\bin\nt64\unwrapped\trce.exe -intstyle ise -v 3 -s 3
-n 3 -fastpaths -xml Mod5_A.twx Mod5_A.ncd -o Mod5_A.twr Mod5_A.pcf -ucf
Mod5_A.ucf

Design file:              Mod5_A.ncd
Physical constraint file: Mod5_A.pcf
Device,package,speed:     xc6slx9,tqg144,C,-3 (PRODUCTION 1.23 2013-10-13)
Report level:             verbose report

Environment Variable      Effect 
--------------------      ------ 
NONE                      No environment variables were set
--------------------------------------------------------------------------------

INFO:Timing:2698 - No timing constraints found, doing default enumeration.
INFO:Timing:3412 - To improve timing, see the Timing Closure User Guide (UG612).
INFO:Timing:2752 - To get complete path coverage, use the unconstrained paths 
   option. All paths that are not constrained will be reported in the 
   unconstrained paths section(s) of the report.
INFO:Timing:3339 - The clock-to-out numbers in this timing report are based on 
   a 50 Ohm transmission line loading model.  For the details of this model, 
   and for more information on accounting for different loading conditions, 
   please see the device datasheet.



Data Sheet report:
-----------------
All values displayed in nanoseconds (ns)

Pad to Pad
---------------+---------------+---------+
Source Pad     |Destination Pad|  Delay  |
---------------+---------------+---------+
CK             |ba             |   12.121|
CK             |bb             |   12.212|
CK             |bc             |   12.124|
CK             |bd             |   12.043|
CK             |be             |   12.201|
CK             |bf             |   12.122|
CK             |bg             |   10.971|
CLR            |ba             |   11.070|
CLR            |bb             |   11.161|
CLR            |bc             |   11.073|
CLR            |bd             |   10.992|
CLR            |be             |   11.150|
CLR            |bf             |   11.071|
CLR            |bg             |    9.920|
SET            |ba             |   21.203|
SET            |bb             |   21.294|
SET            |bc             |   21.206|
SET            |bd             |   21.125|
SET            |be             |   21.283|
SET            |bf             |   21.204|
SET            |bg             |   20.053|
---------------+---------------+---------+


Analysis completed Wed Nov 24 11:32:39 2021 
--------------------------------------------------------------------------------

Trace Settings:
-------------------------
Trace Settings 

Peak Memory Usage: 4571 MB



